a a00 000000
a a01 000001
a a02 000002
a a03 000003
a a04 000004
a a05 000005
a a06 000006
a a07 000007
a a10 000010
a a11 000011
a a12 000012
a a13 000013
a a14 000014
a a15 000015
a a16 000016
a a17 000017
l s00 002000
w 002000 000000
l s01 002002
w 002002 000001
l s02 002004
w 002004 000002
l s03 002006
w 002006 000003
l s04 002010
w 002010 000004
l s05 002012
w 002012 000005
l s06 002014
w 002014 000006
l s07 002016
w 002016 000007
l s10 002020
w 002020 000010
l s11 002022
w 002022 000011
l s12 002024
w 002024 000012
l s13 002026
w 002026 000013
l s14 002030
w 002030 000014
l s15 002032
w 002032 000015
l s16 002034
w 002034 000016
l s17 002036
w 002036 000017
l s20 002040
w 002040 002000
l s21 002042
w 002042 002002
l s22 002044
w 002044 002004
l s23 002046
w 002046 002006
l s24 002050
w 002050 002010
l s25 002052
w 002052 002012
l s26 002054
w 002054 002014
l s27 002056
w 002056 002016
l s30 002060
w 002060 002020
l s31 002062
w 002062 002022
l s32 002064
w 002064 002024
l s33 002066
w 002066 002026
l s34 002070
w 002070 002030
l s35 002072
w 002072 002032
l s36 002074
w 002074 002034
l s37 002076
w 002076 002036
n 0 002100
w 002100 002100
n 1 002102
w 002102 002102
n 2 002104
w 002104 002104
n 3 002106
w 002106 002106
n 4 002110
w 002110 002110
n 5 002112
w 002112 002112
n 6 002114
w 002114 002114
n 7 002116
w 002116 002116
n 8 002120
w 002120 002120
n 9 002122
w 002122 002122
