a base 000007
l start 001000
w 001000 012345
w 001002 001030
w 001004 001006
w 001006 177776
w 001010 001012
n 1 001012
w 001012 001012
w 001014 001016
n 1 001016
w 001016 001016
w 001020 001024
w 001022 001026
n 2 001024
w 001024 001024
n 3 001026
w 001026 001026
l forward 001030
w 001030 001002
a longname 000001
a longname 000002
w 001032 000002
a base 000010
w 001034 000010
l foo 001036
w 001036 000001
l bar 001040
w 001040 001040
a alpha 000020
w 001042 000021
w 001044 000015
w 001046 001050
n 4 001050
w 001050 001050
