l start 001000
i 001000 012703
x 001002 001134
i 001004 012704
x 001006 001130
i 001010 012705
x 001012 001132
i 001014 000133
l c 001016
i 001016 012325
i 001020 000133
l x 001022
i 001022 013325
i 001024 000133
l va 001026
i 001026 012300
i 001030 060400
i 001032 006200
i 001034 010025
i 001036 000133
l b12 001040
i 001040 064565
x 001042 177776
i 001044 000133
l b1 001046
i 001046 014500
i 001050 014501
i 001052 006301
i 001054 010011
i 001056 010025
i 001060 000133
l emit 001062
i 001062 105737
x 001064 177564
i 001066 100375
i 001070 110037
x 001072 177566
i 001074 000133
l stop 001076
i 001076 000000
l poll 001100
i 001100 005000
i 001102 005700
i 001104 001001
i 001106 000774
l done 001110
i 001110 020001
i 001112 000400
n 0 001114
n 1 001114
i 001114 001377
i 001116 000400
n 2 001120
n 3 001120
i 001120 100377
i 001122 000400
n 4 001124
l ext 001124
w 001124 000102
l target 001126
w 001126 000000
l frame 001130
w 001130 000000
l stack 001132
w 001132 000000
l stream 001134
w 001134 001016
w 001136 000100
w 001140 001016
w 001142 000001
w 001144 001040
w 001146 001062
w 001150 001076
l mark 001152
w 001152 001000
l table 001154
w 001154 001022
w 001156 001124
w 001160 001026
w 001162 000004
w 001164 001046
w 001166 001126
